// Jest Snapshot v1, https://goo.gl/fbAQLP

exports[`Pruebas en <GifGridItem /> Debe mostar el componente correctamente 1`] = `
<div
  className="card animate__animated animate_fadeIn animate__delay-3s"
>
  <img
    alt="Un titulo"
    src="https//locahost/imagen.jpg"
  />
  <p>
    Un titulo
  </p>
</div>
`;
